src/components/Navigation.tsx(10,8): error TS2307: Cannot find module './ui/dropdown-menu' or its corresponding type declarations.
